`torch_dtype` is deprecated! Use `dtype` instead!
Loading checkpoint shards:   0%|          | 0/2 [00:00<?, ?it/s]Loading checkpoint shards:  50%|█████     | 1/2 [00:14<00:14, 14.69s/it]Loading checkpoint shards: 100%|██████████| 2/2 [00:15<00:00,  6.47s/it]Loading checkpoint shards: 100%|██████████| 2/2 [00:15<00:00,  7.70s/it]
Loaded pretrained model google/gemma-2-2b-it into HookedTransformer
model loaded: gemma-2b
best_layer=15 (loaded from split.npz)

POSITIVE CONTROL - frozen probe, held out teacher forced: AUC 0.947
(any transfer AUC above this is a red flag: transfer cannot beat in-distribution)

 phase4 0/400
 phase4 100/400
 phase4 200/400
 phase4 300/400
Phase 4
 lie-prompt answer distribution: Counter({'yes': 231, 'no': 169})
 lies drawn from TRUE statements : 39
 lies drawn from FALSE statements: 70
 If these are wildly unbalanced, the model can only lie in one direction
 This is a behavioral finding, and the transfer AUC below is confounded.

 AUC vs. deception.    : 1.000 (The Claim)
 AUC vs Statement-truth: 0.562 (should be ~0.5)
 AUC vs Polarity       : 0.716  (should be ~0.5)
 AUC within TRUE stmts : 1.000
 AUC within FALSE stmts: 1.000
