WARNING:root:You tried to specify center_unembed=True for a model using logit softcap, but this can't be done! Softcapping is not invariant upon adding a constant Setting center_unembed=False instead.
`torch_dtype` is deprecated! Use `dtype` instead!
Loading checkpoint shards:   0%|          | 0/2 [00:00<?, ?it/s]Loading checkpoint shards:  50%|█████     | 1/2 [00:16<00:16, 16.39s/it]Loading checkpoint shards: 100%|██████████| 2/2 [00:17<00:00,  7.37s/it]Loading checkpoint shards: 100%|██████████| 2/2 [00:17<00:00,  8.72s/it]
WARNING:root:With reduced precision, it is advised to use `from_pretrained_no_processing` instead of `from_pretrained`.
WARNING:root:You are not using LayerNorm, so the writing weights can't be centered! Skipping
Loaded pretrained model google/gemma-2-2b-it into HookedTransformer
model loaded: gemma-2b
best_layer=15 (loaded from split.npz)

POSITIVE CONTROL - frozen probe, held out teacher forced: AUC 0.947
(any transfer AUC above this is a red flag: transfer cannot beat in-distribution)

 phase4 0/400
 phase4 100/400
 phase4 200/400
 phase4 300/400
Phase 4
 lie-prompt answer distribution: Counter({'yes': 232, 'no': 168})
 lies drawn from TRUE statements : 39
 lies drawn from FALSE statements: 71
 If these are wildly unbalanced, the model can only lie in one direction
 This is a behavioral finding, and the transfer AUC below is confounded.

 AUC vs. deception.    : 1.000 (The Claim)
 AUC vs Statement-truth: 0.560 (should be ~0.5)
 AUC vs Polarity       : 0.717  (should be ~0.5)
 AUC within TRUE stmts : 1.000
 AUC within FALSE stmts: 1.000
