WARNING:root:You tried to specify center_unembed=True for a model using logit softcap, but this can't be done! Softcapping is not invariant upon adding a constant Setting center_unembed=False instead.
`torch_dtype` is deprecated! Use `dtype` instead!
Loading checkpoint shards:   0%|          | 0/2 [00:00<?, ?it/s]Loading checkpoint shards:  50%|█████     | 1/2 [00:17<00:17, 17.88s/it]Loading checkpoint shards: 100%|██████████| 2/2 [00:18<00:00,  7.90s/it]Loading checkpoint shards: 100%|██████████| 2/2 [00:18<00:00,  9.39s/it]
WARNING:root:With reduced precision, it is advised to use `from_pretrained_no_processing` instead of `from_pretrained`.
WARNING:root:You are not using LayerNorm, so the writing weights can't be centered! Skipping
Loaded pretrained model google/gemma-2-2b-it into HookedTransformer
Model Loaded
Loaded cached activations (800, 26, 2304)
best_layer=15  min_alpha=4  E=7

Necessity vs readout distance (ablate L9) - ACC and AUC:
 read L 9 (crit + 0): acc 0.64 -> 0.47 | AUC 0.73 -> 0.46
 read L10 (crit + 1): acc 0.65 -> 0.44 | AUC 0.74 -> 0.49
 read L11 (crit + 2): acc 0.74 -> 0.45 | AUC 0.82 -> 0.54
 read L12 (crit + 3): acc 0.82 -> 0.59 | AUC 0.89 -> 0.77
 read L13 (crit + 4): acc 0.86 -> 0.57 | AUC 0.93 -> 0.81
 read L14 (crit + 5): acc 0.85 -> 0.64 | AUC 0.94 -> 0.85
 read L15 (crit + 6): acc 0.86 -> 0.73 | AUC 0.94 -> 0.86

Per-Layer MLP ablation curve - AUC (clean -> ablated), local and deployed readout:
 ablate L 8: local 0.64 -> 0.40 [0.29, 0.52] | deployed 0.94 -> 0.89 [0.81, 0.94] 
 ablate L 9: local 0.73 -> 0.46 [0.34, 0.58] | deployed 0.94 -> 0.86 [0.78, 0.93]  <- crit (selected)
 ablate L10: local 0.74 -> 0.66 [0.55, 0.77] | deployed 0.94 -> 0.92 [0.86, 0.97] 
 ablate L11: local 0.82 -> 0.52 [0.39, 0.64] | deployed 0.94 -> 0.88 [0.80, 0.94] 
 ablate L12: local 0.89 -> 0.86 [0.78, 0.92] | deployed 0.94 -> 0.79 [0.70, 0.87] 
 ablate L13: local 0.93 -> 0.75 [0.65, 0.84] | deployed 0.94 -> 0.83 [0.75, 0.90] 
 ablate L14: local 0.94 -> 0.63 [0.51, 0.75] | deployed 0.94 -> 0.92 [0.86, 0.96] 
 ablate L15: local 0.94 -> 0.89 [0.82, 0.94] | deployed 0.94 -> 0.89 [0.82, 0.94]  [= best_layer]

Specificity curve - every layer in R, local readout (AUC clean -> ablated):
 ablate L 8: dec 0.64 -> 0.40 |  tru 0.71 -> 0.60 |  pol 1.00 -> 1.00 |  asym -0.125 [-0.254, +0.012] 
 ablate L 9: dec 0.73 -> 0.46 |  tru 0.74 -> 0.63 |  pol 1.00 -> 1.00 |  asym -0.159 [-0.292, -0.024]  <- crit
 ablate L10: dec 0.74 -> 0.66 |  tru 0.74 -> 0.72 |  pol 1.00 -> 1.00 |  asym -0.060 [-0.179, +0.053] 
 ablate L11: dec 0.82 -> 0.52 |  tru 0.79 -> 0.70 |  pol 1.00 -> 1.00 |  asym -0.212 [-0.341, -0.094] 
 ablate L12: dec 0.89 -> 0.86 |  tru 0.84 -> 0.76 |  pol 1.00 -> 1.00 |  asym +0.045 [+0.009, +0.083] 
 ablate L13: dec 0.93 -> 0.75 |  tru 0.92 -> 0.93 |  pol 1.00 -> 1.00 |  asym -0.185 [-0.271, -0.103] 
 ablate L14: dec 0.94 -> 0.63 |  tru 0.92 -> 0.93 |  pol 1.00 -> 1.00 |  asym -0.314 [-0.435, -0.195] 
 ablate L15: dec 0.94 -> 0.89 |  tru 0.92 -> 0.91 |  pol 1.00 -> 1.00 |  asym -0.038 [-0.072, -0.005]  [=best]
crit MLP L9 (no_steer necessity, chosen on train-fold items)
recovery, clean 9 MLP patched into steered run: 0.66 [0.55, 0.76]
ablation effect on steered run: mean |delta| 3.597 | frac items |delta| > 0.89: 0.81
Restoration A (conduit): +0.98 [+0.96, +0.99] n=65/80
Restoration B (undo steering): -0.06 [-0.08, -0.04] n=79/80

DEPLOYED necessity as ACC (read L15) 0.86 [0.79, 0.92] -> 0.73 [0.67, 0.79]

Specificity at LOCAL readout L9 (clean -> ablated), held-out:
 deception: 0.64 [0.55, 0.72] -> 0.47 [0.38, 0.56]
 truth    : 0.69 [0.59, 0.78] -> 0.56 [0.49, 0.63]
 polarity : 1.00 [1.00, 1.00] -> 1.00 [1.00, 1.00]
 paired (truth drop - deception drop) at L9: -0.044 [-0.138, +0.050] (asymmetry is real only if CI excludes 0)

Specificity at LOCAL readout L9 - AUC (clean -> ablated):
 deception: AUC 0.73 -> 0.46 [0.34, 0.58]
 truth    : AUC 0.74 -> 0.63 [0.56, 0.69]
 polarity : AUC 1.00 -> 1.00 [1.00, 1.00]
